# Last updated: Apr 27, 2008
# ~Keripo
#
# SVN fonts
[Aiken14] (Aiken) <14>
[Apple_II_40_Column] (Apple II 40 Column) <9>
[Apple_II_80_Column] (Apple II 80 Column) <18>
[CFuturo-15] (C-Futuro) <15>
[Chalk-18] (Chalk) <18>
[Chalkboard] (Chalkboard) <12>
[Chicago] (Chicago) <12> {+2}
[Chixa-14] (Chixa) <14> {-1}
[ComicSansMS] (Comic Sans MS) <12>
[ComicSansMS-Bold] (Comic Sans MS Bold) <12>
[Commodore_diamond_12] (Diamond) <12> {+2}
[EpilepsySans] (Epilepsy Sans) <10>
[EspySans-13] (Espy Sans) <10>
[6x13] (Fixed 6x13) <13>
[Fluorine] (Fluorine) <16> {+1}
[GadgetRegular] (Gadget) <12>
[GPalatino-12] (GPalatino) <12>
[GPalatino-14] (GPalatino) <14>
[LiorahBT-Regular-12] (Liorah) <12>
[LisaWrite_Paper] (LisaWrite Paper) <12>
[Los_Angeles] (Los Angeles) <12>
[LucidaGrande] (Lucida Grande) <12>
[MyriadPro-12] (Myriad) <12>
[Commodore_opal_9] (Opal) <9> {+1}
[UmlautLlama_onyx_9] (Onyx) <9>
[Commodore_opal_9_dbl] (Opal Double) <18> {+1}
[UmlautLlama_peridot_7] (Peridot) <7> {+1}
[PodiumSans] (Podium Sans) <14>
[Sabine_Doscbthm] (Sabine Doscbthm) <9>
[Sabine_Doscbthm_Black] (Sabine Doscbthm Black) <9>
[Sabine_Doscbthm_Script] (Sabine Doscbthm Script) <9>
[Sabine_Doscbthm_Serif] (Sabine Doscbthm Serif) <9>
[Sabine_Doscbthm_Smallcaps] (Sabine Doscbthm Smallcaps) <9>
[SeaChelUnicode] (SeaChel) <9>
[Sempach] (Sempach) <9>
[Sempach-12] (Sempach II) <12>
[Some_Acronym] (Some Acronym) <9>
[Commodore_topaz_8] (Topaz) <8>
[Commodore_topaz_8_dbl] (Topaz Doubled) <16> {+1}
[Commodore_topaz2_8] (Topaz Sans) <8>
[Commodore_topaz2_8_dbl] (Topaz Sans Doubled) <16> {+1}
[Twiggy] (Twiggy) <12>
[Unifont] (Unifont) <12>
# User-generated fonts
[1979] (1979) <12>
[BitStreamVeraMono] (Vera Mono) <16>
[burton] (Burton) <12>
[Familyguy] (FamilyGuy) <12>
[gishhand] (Gish Handwriting) <12>
[gishreg] (Gish) <12>
[jfont] (JFont) <12>
[siamese] (Siamese) <12>
[snap] (Snap) <11>
[SixteenSegments] (Segments) <12>
[tonight] (Tonight) <12>
[zero] (Zero) <12>
# Encyclopodia Fonts
[epodia0size4style0] (epodia0size4style0) <4>
[epodia0size4style1] (epodia0size4style1) <4>
[epodia0size4style2] (epodia0size4style2) <4>
[epodia0size4style3] (epodia0size4style3) <4>
[epodia0size5style0] (epodia0size5style0) <5>
[epodia0size5style1] (epodia0size5style1) <5>
[epodia0size5style2] (epodia0size5style2) <5>
[epodia0size5style3] (epodia0size5style3) <5>
[epodia0size6style0] (epodia0size6style0) <6>
[epodia0size6style1] (epodia0size6style1) <6>
[epodia0size6style2] (epodia0size6style2) <6>
[epodia0size6style3] (epodia0size6style3) <6>
[epodia0size7style0] (epodia0size7style0) <7>
[epodia0size7style1] (epodia0size7style1) <7>
[epodia0size7style2] (epodia0size7style2) <7>
[epodia0size7style3] (epodia0size7style3) <7>
[epodia0size8style0] (epodia0size8style0) <8>
[epodia0size8style1] (epodia0size8style1) <8>
[epodia0size8style2] (epodia0size8style2) <8>
[epodia0size8style3] (epodia0size8style3) <8>
[epodia0size9style0] (epodia0size9style0) <9>
[epodia0size9style1] (epodia0size9style1) <9>
[epodia0size9style2] (epodia0size9style2) <9>
[epodia0size9style3] (epodia0size9style3) <9>
[epodia0size10style0] (epodia0size10style0) <10>
[epodia0size10style1] (epodia0size10style1) <10>
[epodia0size10style2] (epodia0size10style2) <10>
[epodia0size10style3] (epodia0size10style3) <10>
[epodia0size11style0] (epodia0size11style0) <11>
[epodia0size11style1] (epodia0size11style1) <11>
[epodia0size11style2] (epodia0size11style2) <11>
[epodia0size11style3] (epodia0size11style3) <11>
[epodia0size12style0] (epodia0size12style0) <12>
[epodia0size12style1] (epodia0size12style1) <12>
[epodia0size12style2] (epodia0size12style2) <12>
[epodia0size12style3] (epodia0size12style3) <12>
[epodia0size13style0] (epodia0size13style0) <13>
[epodia0size13style1] (epodia0size13style1) <13>
[epodia0size13style2] (epodia0size13style2) <13>
[epodia0size13style3] (epodia0size13style3) <13>
[epodia0size14style0] (epodia0size14style0) <14>
[epodia0size14style1] (epodia0size14style1) <14>
[epodia0size14style2] (epodia0size14style2) <14>
[epodia0size14style3] (epodia0size14style3) <14>
[epodia0size15style0] (epodia0size15style0) <15>
[epodia0size15style1] (epodia0size15style1) <15>
[epodia0size15style2] (epodia0size15style2) <15>
[epodia0size15style3] (epodia0size15style3) <15>
[epodia0size16style0] (epodia0size16style0) <16>
[epodia0size16style1] (epodia0size16style1) <16>
[epodia0size16style2] (epodia0size16style2) <16>
[epodia0size16style3] (epodia0size16style3) <16>
[epodia0size17style0] (epodia0size17style0) <17>
[epodia0size17style1] (epodia0size17style1) <17>
[epodia0size17style2] (epodia0size17style2) <17>
[epodia0size17style3] (epodia0size17style3) <17>
[large] (large) <12>
[tmp] (tmp) <12>
